// Jest Snapshot v1, https://goo.gl/fbAQLP

exports[`Should render ExpenseListItem with one item 1`] = `
<Link
  className="list-item"
  replace={false}
  to="/edit/3"
>
  <div>
    <h3
      className="list-item__title"
    >
      Credit Card
    </h3>
    <span
      className="list-item__sub-title"
    >
      $55.00
    </span>
  </div>
  <h3
    className="list-item__data"
  >
    January 4th, 1970
  </h3>
</Link>
`;
